Note: can't find init file.

Circuit: cascode baseline: transient; teaching level=1, not sky130

Doing analysis at TEMP = 27.000000 and TNOM = 27.000000

Warning: vin: no DC value, transient time 0 value used

Initial Transient Solution
--------------------------

Node                                   Voltage
----                                   -------
vdd                                        1.8
vss                                          0
vb                                        1.25
vin                                       0.75
xdut.x                                0.419283
xdut.e                              0.00296358
out                                    1.79704
vin#branch                                   0
vb#branch                                    0
vss#branch                         5.92716e-05
vdd#branch                        -5.92716e-05


No. of Data Rows : 4020
ngspice-33 done
