Note: can't find init file.

Circuit: cascode load-sweep; each point recomputes bias and unit ac gain

Doing analysis at TEMP = 27.000000 and TNOM = 27.000000


No. of Data Rows : 1
Doing analysis at TEMP = 27.000000 and TNOM = 27.000000


No. of Data Rows : 1
Doing analysis at TEMP = 27.000000 and TNOM = 27.000000


No. of Data Rows : 1
Doing analysis at TEMP = 27.000000 and TNOM = 27.000000


No. of Data Rows : 1
Doing analysis at TEMP = 27.000000 and TNOM = 27.000000


No. of Data Rows : 1
Doing analysis at TEMP = 27.000000 and TNOM = 27.000000


No. of Data Rows : 1
Doing analysis at TEMP = 27.000000 and TNOM = 27.000000


No. of Data Rows : 1
Doing analysis at TEMP = 27.000000 and TNOM = 27.000000


No. of Data Rows : 1
Doing analysis at TEMP = 27.000000 and TNOM = 27.000000


No. of Data Rows : 1
Doing analysis at TEMP = 27.000000 and TNOM = 27.000000


No. of Data Rows : 1
Doing analysis at TEMP = 27.000000 and TNOM = 27.000000


No. of Data Rows : 1
Doing analysis at TEMP = 27.000000 and TNOM = 27.000000


No. of Data Rows : 1
Doing analysis at TEMP = 27.000000 and TNOM = 27.000000


No. of Data Rows : 1
Doing analysis at TEMP = 27.000000 and TNOM = 27.000000


No. of Data Rows : 1
Doing analysis at TEMP = 27.000000 and TNOM = 27.000000


No. of Data Rows : 1
Doing analysis at TEMP = 27.000000 and TNOM = 27.000000


No. of Data Rows : 1
Doing analysis at TEMP = 27.000000 and TNOM = 27.000000

Note: Starting true gmin stepping
Trying gmin =   1.0000E-03 Note: One successful gmin step
Trying gmin =   1.0000E-04 Note: One successful gmin step
Trying gmin =   1.0000E-05 Note: One successful gmin step
Trying gmin =   1.0000E-06 Note: One successful gmin step
Trying gmin =   1.0000E-07 Note: One successful gmin step
Trying gmin =   1.0000E-08 Note: One successful gmin step
Trying gmin =   1.0000E-09 Note: One successful gmin step
Trying gmin =   1.0000E-10 Note: One successful gmin step
Trying gmin =   1.0000E-11 Note: One successful gmin step
Trying gmin =   1.0000E-12 Note: One successful gmin step
Trying gmin =   1.0000E-12 Note: One successful gmin step
Note: True gmin stepping completed

No. of Data Rows : 1
Doing analysis at TEMP = 27.000000 and TNOM = 27.000000

Note: Starting true gmin stepping
Trying gmin =   1.0000E-03 Note: One successful gmin step
Trying gmin =   1.0000E-04 Note: One successful gmin step
Trying gmin =   1.0000E-05 Note: One successful gmin step
Trying gmin =   1.0000E-06 Note: One successful gmin step
Trying gmin =   1.0000E-07 Note: One successful gmin step
Trying gmin =   1.0000E-08 Note: One successful gmin step
Trying gmin =   1.0000E-09 Note: One successful gmin step
Trying gmin =   1.0000E-10 Note: One successful gmin step
Trying gmin =   1.0000E-11 Note: One successful gmin step
Trying gmin =   1.0000E-12 Note: One successful gmin step
Trying gmin =   1.0000E-12 Note: One successful gmin step
Note: True gmin stepping completed

No. of Data Rows : 1
Doing analysis at TEMP = 27.000000 and TNOM = 27.000000


No. of Data Rows : 1
Doing analysis at TEMP = 27.000000 and TNOM = 27.000000


No. of Data Rows : 1
Doing analysis at TEMP = 27.000000 and TNOM = 27.000000


No. of Data Rows : 1
Doing analysis at TEMP = 27.000000 and TNOM = 27.000000


No. of Data Rows : 1
Doing analysis at TEMP = 27.000000 and TNOM = 27.000000


No. of Data Rows : 1
Doing analysis at TEMP = 27.000000 and TNOM = 27.000000


No. of Data Rows : 1
Doing analysis at TEMP = 27.000000 and TNOM = 27.000000


No. of Data Rows : 1
Doing analysis at TEMP = 27.000000 and TNOM = 27.000000


No. of Data Rows : 1
ngspice-33 done
